// Jest Snapshot v1, https://goo.gl/fbAQLP

exports[`query construction 1`] = `"{"mutation":"\\n  mutation MyMutation(\\n    $ball: BallInput\\n    $bar: BarInput\\n    $frameCount: Int\\n    $gameID: String\\n    $playerNumber: Int\\n  ) {\\n    sendData(\\n      bar: $bar\\n      frameCount: $frameCount\\n      gameID: $gameID\\n      playerNumber: $playerNumber\\n      ball: $ball\\n    ) {\\n      ball {\\n        missed\\n        movement {\\n          x\\n          y\\n        }\\n        position {\\n          x\\n          y\\n        }\\n      }\\n      bar {\\n        command\\n        position {\\n          x\\n          y\\n        }\\n      }\\n      frameCount\\n      gameID\\n      playerNumber\\n    }\\n  }\\n","variables":{"gameID":"gameID","playerNumber":1,"ball":{"position":{"x":300,"y":300},"movement":{"x":10,"y":10}},"bar":{"position":{"x":20,"y":300},"command":"up"},"frameCount":2303}}"`;
